STATUS: 422
RESPUESTA:
{
  "status": "Validation error",
  "message": "Error de validación",
  "data": {
    "message": "Error de validación",
    "errors": {
      "payment_details": [
        "La suma de todos los detalles de pago no es igual al total de la factura"
      ]
    }
  }
}

PAYLOAD:
{
  "numbering_range_id": 389,
  "reference_code": "V52",
  "observation": "Factura de venta",
  "payment_details": [
    {
      "payment_method_code": "10",
      "payment_form": "1",
      "due_date": "2026-06-14",
      "amount": "100503.5"
    }
  ],
  "customer": {
    "identification": "222222222222",
    "dv": "",
    "company": "Cliente Mostrador",
    "trade_name": "Cliente Mostrador",
    "names": "Cliente Mostrador",
    "address": "No informado",
    "email": "",
    "phone": "",
    "legal_organization_id": "2",
    "tribute_id": "21",
    "identification_document_id": "13",
    "identification_document_code": "13",
    "municipality_id": "980"
  },
  "items": [
    {
      "code_reference": "1",
      "name": "C. POLLO ENGORDE P.",
      "quantity": 0.5,
      "discount_rate": 0,
      "price": 81980.67,
      "unit_measure_code": "94",
      "standard_code": "999",
      "is_excluded": 0,
      "taxes": [
        {
          "code": "01",
          "rate": "19.00",
          "tribute_id": 22
        }
      ],
      "withholding_taxes": []
    },
    {
      "code_reference": "2",
      "name": "ARROZ X KG",
      "quantity": 1.0,
      "discount_rate": 0,
      "price": 2000.0,
      "unit_measure_code": "94",
      "standard_code": "999",
      "is_excluded": 0,
      "taxes": [
        {
          "code": "01",
          "rate": "19.00",
          "tribute_id": 22
        }
      ],
      "withholding_taxes": []
    },
    {
      "code_reference": "3",
      "name": "ARROZ X BULTO",
      "quantity": 0.5,
      "discount_rate": 0,
      "price": 85000.0,
      "unit_measure_code": "94",
      "standard_code": "999",
      "is_excluded": 0,
      "taxes": [
        {
          "code": "01",
          "rate": "19.00",
          "tribute_id": 22
        }
      ],
      "withholding_taxes": []
    }
  ]
}
